<?xml version="1.0" encoding="UTF-8"?>
<TestRun id="71d873a5-a8e7-4799-a65b-6b70f81c1c14" name="Anderson@ANDERSON-PC 2012-11-24 16:27:57" runUser="Anderson-PC\Anderson" xmlns="http://microsoft.com/schemas/VisualStudio/TeamTest/2010">
  <TestSettings name="Local" id="123ace43-75b3-4165-9917-4aec668fa513">
    <Description>These are default test settings for a local test run.</Description>
    <Deployment enabled="false" runDeploymentRoot="Anderson_ANDERSON-PC 2012-11-24 16_27_57">
      <DeploymentItem filename="D:\Aulas de Pos-Graduação\Thiago - Laboratorio de Praticas Ageis\Trabalho Final\NET Sistemas\NetSistema.DAO\bin\Debug\NET_DAO.dll" />
      <DeploymentItem filename="D:\Aulas de Pos-Graduação\Thiago - Laboratorio de Praticas Ageis\Trabalho Final\NET Sistemas\NetSistemas.UI\bin\NET Sistemas.dll" />
      <DeploymentItem filename="D:\Aulas de Pos-Graduação\Thiago - Laboratorio de Praticas Ageis\Trabalho Final\NET Sistemas\NetSistema.DTO\bin\Debug\NetSistema.DTO.dll" />
      <DeploymentItem filename="D:\Aulas de Pos-Graduação\Thiago - Laboratorio de Praticas Ageis\Trabalho Final\NET Sistemas\NetSistema.Controller\bin\Debug\NetSistema.Controller.dll" />
    </Deployment>
    <Execution>
      <TestTypeSpecific />
      <AgentRule name="Execution Agents">
      </AgentRule>
    </Execution>
  </TestSettings>
  <Times creation="2012-11-24T16:27:57.1585088-02:00" queuing="2012-11-24T16:27:57.1705095-02:00" start="2012-11-24T16:27:57.2165121-02:00" finish="2012-11-24T16:27:57.5595317-02:00" />
  <ResultSummary outcome="Completed">
    <Counters total="3" executed="3" passed="3" error="0" failed="0" timeout="0" aborted="0" inconclusive="0" passedButRunAborted="0" notRunnable="0" notExecuted="0" disconnected="0" warning="0" completed="0" inProgress="0" pending="0" />
  </ResultSummary>
  <TestDefinitions>
    <UnitTest name="ConversaoValorPacote" storage="d:\aulas de pos-graduação\thiago - laboratorio de praticas ageis\trabalho final\net sistemas\testprojectnetsistemas\bin\debug\testprojectnetsistemas.dll" id="f5ebb23d-d35a-edc8-b613-cb7d94a936da">
      <Execution id="76ed3e1e-a626-40e8-b476-c59612868da6" />
      <TestMethod codeBase="D:/Aulas de Pos-Graduação/Thiago - Laboratorio de Praticas Ageis/Trabalho Final/NET Sistemas/TestProjectNetSistemas/bin/Debug/TestProjectNetSistemas.DLL" adapterTypeName="Microsoft.VisualStudio.TestTools.TestTypes.Unit.UnitTestAdapter, Microsoft.VisualStudio.QualityTools.Tips.UnitTest.Adapter, Version=10.0.0.0, Culture=neutral, PublicKeyToken=b03f5f7f11d50a3a" className="TestProjectNetSistemas.UnitTest1, TestProjectNetSistemas, Version=1.0.0.0, Culture=neutral, PublicKeyToken=null" name="ConversaoValorPacote" />
    </UnitTest>
    <UnitTest name="TesteQuantidadeDeCaracteres" storage="d:\aulas de pos-graduação\thiago - laboratorio de praticas ageis\trabalho final\net sistemas\testprojectnetsistemas\bin\debug\testprojectnetsistemas.dll" id="96c43102-3bbf-924a-51c4-b75a0dca7d2d">
      <Execution id="fa412c7a-9e6d-4551-9a4a-310f5e5fbfbb" />
      <TestMethod codeBase="D:/Aulas de Pos-Graduação/Thiago - Laboratorio de Praticas Ageis/Trabalho Final/NET Sistemas/TestProjectNetSistemas/bin/Debug/TestProjectNetSistemas.DLL" adapterTypeName="Microsoft.VisualStudio.TestTools.TestTypes.Unit.UnitTestAdapter, Microsoft.VisualStudio.QualityTools.Tips.UnitTest.Adapter, Version=10.0.0.0, Culture=neutral, PublicKeyToken=b03f5f7f11d50a3a" className="TestProjectNetSistemas.UnitTest1, TestProjectNetSistemas, Version=1.0.0.0, Culture=neutral, PublicKeyToken=null" name="TesteQuantidadeDeCaracteres" />
    </UnitTest>
    <UnitTest name="InsercaoDePacoteValido" storage="d:\aulas de pos-graduação\thiago - laboratorio de praticas ageis\trabalho final\net sistemas\testprojectnetsistemas\bin\debug\testprojectnetsistemas.dll" id="72a8e321-1312-1611-c2cb-7ecd7b855205">
      <Execution id="f622cc77-0bd9-41ed-9fb4-fc46fa1e953e" />
      <TestMethod codeBase="D:/Aulas de Pos-Graduação/Thiago - Laboratorio de Praticas Ageis/Trabalho Final/NET Sistemas/TestProjectNetSistemas/bin/Debug/TestProjectNetSistemas.DLL" adapterTypeName="Microsoft.VisualStudio.TestTools.TestTypes.Unit.UnitTestAdapter, Microsoft.VisualStudio.QualityTools.Tips.UnitTest.Adapter, Version=10.0.0.0, Culture=neutral, PublicKeyToken=b03f5f7f11d50a3a" className="TestProjectNetSistemas.UnitTest1, TestProjectNetSistemas, Version=1.0.0.0, Culture=neutral, PublicKeyToken=null" name="InsercaoDePacoteValido" />
    </UnitTest>
  </TestDefinitions>
  <TestLists>
    <TestList name="Results Not in a List" id="8c84fa94-04c1-424b-9868-57a2d4851a1d" />
    <TestList name="All Loaded Results" id="19431567-8539-422a-85d7-44ee4e166bda" />
  </TestLists>
  <TestEntries>
    <TestEntry testId="72a8e321-1312-1611-c2cb-7ecd7b855205" executionId="f622cc77-0bd9-41ed-9fb4-fc46fa1e953e" testListId="8c84fa94-04c1-424b-9868-57a2d4851a1d" />
    <TestEntry testId="96c43102-3bbf-924a-51c4-b75a0dca7d2d" executionId="fa412c7a-9e6d-4551-9a4a-310f5e5fbfbb" testListId="8c84fa94-04c1-424b-9868-57a2d4851a1d" />
    <TestEntry testId="f5ebb23d-d35a-edc8-b613-cb7d94a936da" executionId="76ed3e1e-a626-40e8-b476-c59612868da6" testListId="8c84fa94-04c1-424b-9868-57a2d4851a1d" />
  </TestEntries>
  <Results>
    <UnitTestResult executionId="f622cc77-0bd9-41ed-9fb4-fc46fa1e953e" testId="72a8e321-1312-1611-c2cb-7ecd7b855205" testName="InsercaoDePacoteValido" computerName="ANDERSON-PC" duration="00:00:00.0416394" startTime="2012-11-24T16:27:57.2135119-02:00" endTime="2012-11-24T16:27:57.5115290-02:00" testType="13cdc9d9-ddb5-4fa4-a97d-d965ccfc6d4b" outcome="Passed" testListId="8c84fa94-04c1-424b-9868-57a2d4851a1d" relativeResultsDirectory="f622cc77-0bd9-41ed-9fb4-fc46fa1e953e">
    </UnitTestResult>
    <UnitTestResult executionId="fa412c7a-9e6d-4551-9a4a-310f5e5fbfbb" testId="96c43102-3bbf-924a-51c4-b75a0dca7d2d" testName="TesteQuantidadeDeCaracteres" computerName="ANDERSON-PC" duration="00:00:00.0045015" startTime="2012-11-24T16:27:57.5145291-02:00" endTime="2012-11-24T16:27:57.5275299-02:00" testType="13cdc9d9-ddb5-4fa4-a97d-d965ccfc6d4b" outcome="Passed" testListId="8c84fa94-04c1-424b-9868-57a2d4851a1d" relativeResultsDirectory="fa412c7a-9e6d-4551-9a4a-310f5e5fbfbb">
    </UnitTestResult>
    <UnitTestResult executionId="76ed3e1e-a626-40e8-b476-c59612868da6" testId="f5ebb23d-d35a-edc8-b613-cb7d94a936da" testName="ConversaoValorPacote" computerName="ANDERSON-PC" duration="00:00:00.0006220" startTime="2012-11-24T16:27:57.5285299-02:00" endTime="2012-11-24T16:27:57.5385305-02:00" testType="13cdc9d9-ddb5-4fa4-a97d-d965ccfc6d4b" outcome="Passed" testListId="8c84fa94-04c1-424b-9868-57a2d4851a1d" relativeResultsDirectory="76ed3e1e-a626-40e8-b476-c59612868da6">
    </UnitTestResult>
  </Results>
</TestRun>